## Modules

| Name | Source | Version |
|------|--------|---------|
| bar | baz | 4.5.6 |
| foo | bar | 1.2.3 |
| baz | baz | 4.5.6 |
| foobar | git@github.com:module/path | v7.8.9 |