<module>
  <header></header>
  <footer></footer>
  <inputs></inputs>
  <modules></modules>
  <outputs></outputs>
  <providers></providers>
  <requirements></requirements>
  <resources>
    <resource>
      <type>resource</type>
      <name>baz</name>
      <provider>foo</provider>
      <source>https://registry.acme.com/foo</source>
      <mode>managed</mode>
      <version>latest</version>
    </resource>
    <resource>
      <type>resource</type>
      <name>foo</name>
      <provider>null</provider>
      <source>hashicorp/null</source>
      <mode>managed</mode>
      <version>latest</version>
    </resource>
    <resource>
      <type>private_key</type>
      <name>baz</name>
      <provider>tls</provider>
      <source>hashicorp/tls</source>
      <mode>managed</mode>
      <version>latest</version>
    </resource>
  </resources>
</module>