<module>
  <header></header>
  <footer></footer>
  <inputs></inputs>
  <modules>
    <module>
      <name>bar</name>
      <source>baz</source>
      <version>4.5.6</version>
    </module>
    <module>
      <name>foo</name>
      <source>bar</source>
      <version>1.2.3</version>
    </module>
    <module>
      <name>baz</name>
      <source>baz</source>
      <version>4.5.6</version>
    </module>
    <module>
      <name>foobar</name>
      <source>git@github.com:module/path</source>
      <version>v7.8.9</version>
    </module>
  </modules>
  <outputs></outputs>
  <providers></providers>
  <requirements></requirements>
  <resources></resources>
</module>