<!-- BEGIN_TF_DOCS -->
Lorem ipsum dolor sit amet, consectetur adipiscing elit
<!-- END_TF_DOCS -->