# Foo

Lorem ipsum dolor sit amet, consectetur adipiscing elit.

## Bar

sed do eiusmod tempor incididunt ut labore et dolore magna
aliqua.

- Ut enim ad minim veniam
- quis nostrud exercitation

ullamco laboris nisi ut aliquip ex ea commodo consequat.
Duis aute irure dolor in reprehenderit in voluptate velit

## Baz

esse cillum dolore eu fugiat nulla pariatur.

<!-- BEGIN_TF_DOCS -->
Lorem ipsum dolor sit amet, consectetur adipiscing elit
<!-- END_TF_DOCS -->