{
  "header": "",
  "footer": "",
  "inputs": [],
  "modules": [
    {
      "name": "bar",
      "source": "baz",
      "version": "4.5.6"
    },
    {
      "name": "foo",
      "source": "bar",
      "version": "1.2.3"
    },
    {
      "name": "baz",
      "source": "baz",
      "version": "4.5.6"
    },
    {
      "name": "foobar",
      "source": "git@github.com:module/path",
      "version": "v7.8.9"
    }
  ],
  "outputs": [],
  "providers": [],
  "requirements": [],
  "resources": []
}